OpenJDK 64-Bit Server VM (24.85-b03) for linux-amd64 JRE (1.7.0_85-b01), built on Jul 25 2015 13:20:15 by "mockbuild" with gcc 4.4.7 20120313 (Red Hat 4.4.7-16)
Memory: 4k page, physical 7570000k(2392816k free), swap 2232316k(2232316k free)
CommandLine flags: -XX:+CMSClassUnloadingEnabled -XX:+CMSScavengeBeforeRemark -XX:+DisableExplicitGC -XX:InitialHeapSize=1073741824 -XX:+ManagementServer -XX:MaxHeapSize=1073741824 -XX:MaxNewSize=174485504 -XX:MaxTenuringThreshold=6 -XX:NewSize=174485504 -XX:OldPLABSize=16 -XX:OldSize=348971008 -XX:+PrintGC -XX:+PrintGCDateStamps -XX:+PrintGCDetails -XX:+PrintGCTimeStamps -XX:+UseCompressedOops -XX:+UseConcMarkSweepGC -XX:+UseParNewGC 
2015-11-05T14:20:09.819-0800: 8.546: [GC [1 CMS-initial-mark: 0K(878208K)] 95499K(1031552K), 0.2055150 secs] [Times: user=0.05 sys=0.00, real=0.21 secs] 
2015-11-05T14:20:10.048-0800: 8.776: [CMS-concurrent-mark-start]
2015-11-05T14:20:10.175-0800: 8.903: [CMS-concurrent-mark: 0.123/0.127 secs] [Times: user=0.05 sys=0.01, real=0.13 secs] 
2015-11-05T14:20:10.175-0800: 8.903: [CMS-concurrent-preclean-start]
2015-11-05T14:20:10.283-0800: 9.010: [CMS-concurrent-preclean: 0.086/0.108 secs] [Times: user=0.02 sys=0.01, real=0.11 secs] 
2015-11-05T14:20:10.283-0800: 9.010: [CMS-concurrent-abortable-preclean-start]
 CMS: abort preclean due to time 2015-11-05T14:20:15.334-0800: 14.062: [CMS-concurrent-abortable-preclean: 0.121/5.051 secs] [Times: user=0.16 sys=0.01, real=5.05 secs] 
2015-11-05T14:20:15.335-0800: 14.063: [GC[YG occupancy: 109138 K (153344 K)]2015-11-05T14:20:15.335-0800: 14.063: [GC2015-11-05T14:20:15.335-0800: 14.063: [ParNew: 109138K->10060K(153344K), 0.0637920 secs] 109138K->10060K(1031552K), 0.0639520 secs] [Times: user=0.05 sys=0.00, real=0.06 secs] 
2015-11-05T14:20:15.399-0800: 14.127: [Rescan (parallel) , 0.0383600 secs]2015-11-05T14:20:15.438-0800: 14.165: [weak refs processing, 0.0000290 secs]2015-11-05T14:20:15.438-0800: 14.165: [class unloading, 0.0011740 secs]2015-11-05T14:20:15.439-0800: 14.167: [scrub symbol table, 0.0023430 secs]2015-11-05T14:20:15.441-0800: 14.169: [scrub string table, 0.0002570 secs] [1 CMS-remark: 0K(878208K)] 10060K(1031552K), 0.1064990 secs] [Times: user=0.08 sys=0.00, real=0.10 secs] 
2015-11-05T14:20:15.443-0800: 14.170: [CMS-concurrent-sweep-start]
2015-11-05T14:20:15.448-0800: 14.176: [CMS-concurrent-sweep: 0.005/0.005 secs] [Times: user=0.01 sys=0.00, real=0.00 secs] 
2015-11-05T14:20:15.455-0800: 14.183: [CMS-concurrent-reset-start]
2015-11-05T14:20:15.466-0800: 14.193: [CMS-concurrent-reset: 0.010/0.010 secs] [Times: user=0.01 sys=0.00, real=0.01 secs] 
